1788664305.644581 client started (57716): version 3.7c, socket /tmp/tmux-1000/default, protocol 8
1788664305.644596 on Linux 7.2.3-arch1-2 #1 SMP PREEMPT_DYNAMIC Thu, 03 Sep 2026 17:55:06 +0000
1788664305.644598 using libevent 2.1.13-stable poll
1788664305.644600 using ncurses 6.6 20251230
1788664305.644611 flags are 0x18010000
1788664305.644617 socket is /tmp/tmux-1000/default
1788664305.644624 trying connect
1788664305.644636 connect failed: Connection refused
1788664305.644641 lock file is /tmp/tmux-1000/default.lock
1788664305.644652 flock succeeded
1788664305.644653 got lock (6)
1788664305.644657 trying connect
1788664305.644661 connect failed: Connection refused
1788664305.644784 add peer 0x55cc012827c0: 7 ((nil))
1788664305.645042 sending message 111 to peer 0x55cc012827c0 (8 bytes)
1788664305.645045 sending message 111 to peer 0x55cc012827c0 (8 bytes)
1788664305.645048 sending message 101 to peer 0x55cc012827c0 (12 bytes)
1788664305.645049 sending message 109 to peer 0x55cc012827c0 (4 bytes)
1788664305.645051 sending message 102 to peer 0x55cc012827c0 (11 bytes)
1788664305.645053 sending message 108 to peer 0x55cc012827c0 (35 bytes)
1788664305.645054 sending message 112 to peer 0x55cc012827c0 (70 bytes)
1788664305.645056 sending message 112 to peer 0x55cc012827c0 (5 bytes)
1788664305.645058 sending message 112 to peer 0x55cc012827c0 (6 bytes)
1788664305.645060 sending message 112 to peer 0x55cc012827c0 (6 bytes)
1788664305.645061 sending message 112 to peer 0x55cc012827c0 (11 bytes)
1788664305.645063 sending message 112 to peer 0x55cc012827c0 (10 bytes)
1788664305.645065 sending message 112 to peer 0x55cc012827c0 (13 bytes)
1788664305.645066 sending message 112 to peer 0x55cc012827c0 (14 bytes)
1788664305.645068 sending message 112 to peer 0x55cc012827c0 (19 bytes)
1788664305.645070 sending message 112 to peer 0x55cc012827c0 (11 bytes)
1788664305.645071 sending message 112 to peer 0x55cc012827c0 (10 bytes)
1788664305.645073 sending message 112 to peer 0x55cc012827c0 (15 bytes)
1788664305.645075 sending message 112 to peer 0x55cc012827c0 (21 bytes)
1788664305.645076 sending message 112 to peer 0x55cc012827c0 (13 bytes)
1788664305.645078 sending message 112 to peer 0x55cc012827c0 (7 bytes)
1788664305.645080 sending message 112 to peer 0x55cc012827c0 (13 bytes)
1788664305.645083 sending message 112 to peer 0x55cc012827c0 (7 bytes)
1788664305.645085 sending message 112 to peer 0x55cc012827c0 (13 bytes)
1788664305.645087 sending message 112 to peer 0x55cc012827c0 (9 bytes)
1788664305.645088 sending message 112 to peer 0x55cc012827c0 (21 bytes)
1788664305.645090 sending message 112 to peer 0x55cc012827c0 (13 bytes)
1788664305.645092 sending message 112 to peer 0x55cc012827c0 (9 bytes)
1788664305.645094 sending message 112 to peer 0x55cc012827c0 (16 bytes)
1788664305.645095 sending message 112 to peer 0x55cc012827c0 (13 bytes)
1788664305.645097 sending message 112 to peer 0x55cc012827c0 (9 bytes)
1788664305.645099 sending message 112 to peer 0x55cc012827c0 (9 bytes)
1788664305.645100 sending message 112 to peer 0x55cc012827c0 (12 bytes)
1788664305.645102 sending message 112 to peer 0x55cc012827c0 (8 bytes)
1788664305.645104 sending message 112 to peer 0x55cc012827c0 (13 bytes)
1788664305.645105 sending message 112 to peer 0x55cc012827c0 (7 bytes)
1788664305.645107 sending message 112 to peer 0x55cc012827c0 (7 bytes)
1788664305.645109 sending message 112 to peer 0x55cc012827c0 (9 bytes)
1788664305.645110 sending message 112 to peer 0x55cc012827c0 (6 bytes)
1788664305.645112 sending message 112 to peer 0x55cc012827c0 (9 bytes)
1788664305.645114 sending message 112 to peer 0x55cc012827c0 (15 bytes)
1788664305.645115 sending message 112 to peer 0x55cc012827c0 (13 bytes)
1788664305.645117 sending message 112 to peer 0x55cc012827c0 (12 bytes)
1788664305.645118 sending message 112 to peer 0x55cc012827c0 (8 bytes)
1788664305.645120 sending message 112 to peer 0x55cc012827c0 (14 bytes)
1788664305.645122 sending message 112 to peer 0x55cc012827c0 (9 bytes)
1788664305.645123 sending message 112 to peer 0x55cc012827c0 (10 bytes)
1788664305.645125 sending message 112 to peer 0x55cc012827c0 (10 bytes)
1788664305.645132 sending message 112 to peer 0x55cc012827c0 (10 bytes)
1788664305.645133 sending message 112 to peer 0x55cc012827c0 (10 bytes)
1788664305.645135 sending message 112 to peer 0x55cc012827c0 (11 bytes)
1788664305.645137 sending message 112 to peer 0x55cc012827c0 (12 bytes)
1788664305.645139 sending message 112 to peer 0x55cc012827c0 (12 bytes)
1788664305.645140 sending message 112 to peer 0x55cc012827c0 (12 bytes)
1788664305.645142 sending message 112 to peer 0x55cc012827c0 (12 bytes)
1788664305.645144 sending message 112 to peer 0x55cc012827c0 (12 bytes)
1788664305.645145 sending message 112 to peer 0x55cc012827c0 (11 bytes)
1788664305.645147 sending message 112 to peer 0x55cc012827c0 (11 bytes)
1788664305.645149 sending message 112 to peer 0x55cc012827c0 (12 bytes)
1788664305.645150 sending message 112 to peer 0x55cc012827c0 (12 bytes)
1788664305.645152 sending message 112 to peer 0x55cc012827c0 (12 bytes)
1788664305.645154 sending message 112 to peer 0x55cc012827c0 (12 bytes)
1788664305.645155 sending message 112 to peer 0x55cc012827c0 (12 bytes)
1788664305.645157 sending message 112 to peer 0x55cc012827c0 (9 bytes)
1788664305.645158 sending message 112 to peer 0x55cc012827c0 (12 bytes)
1788664305.645160 sending message 112 to peer 0x55cc012827c0 (13 bytes)
1788664305.645162 sending message 112 to peer 0x55cc012827c0 (13 bytes)
1788664305.645164 sending message 112 to peer 0x55cc012827c0 (13 bytes)
1788664305.645165 sending message 112 to peer 0x55cc012827c0 (13 bytes)
1788664305.645167 sending message 112 to peer 0x55cc012827c0 (13 bytes)
1788664305.645168 sending message 112 to peer 0x55cc012827c0 (8 bytes)
1788664305.645170 sending message 112 to peer 0x55cc012827c0 (11 bytes)
1788664305.645172 sending message 112 to peer 0x55cc012827c0 (11 bytes)
1788664305.645173 sending message 112 to peer 0x55cc012827c0 (11 bytes)
1788664305.645175 sending message 112 to peer 0x55cc012827c0 (12 bytes)
1788664305.645177 sending message 112 to peer 0x55cc012827c0 (12 bytes)
1788664305.645179 sending message 112 to peer 0x55cc012827c0 (13 bytes)
1788664305.645180 sending message 112 to peer 0x55cc012827c0 (12 bytes)
1788664305.645182 sending message 112 to peer 0x55cc012827c0 (13 bytes)
1788664305.645184 sending message 112 to peer 0x55cc012827c0 (13 bytes)
1788664305.645185 sending message 112 to peer 0x55cc012827c0 (13 bytes)
1788664305.645187 sending message 112 to peer 0x55cc012827c0 (8 bytes)
1788664305.645189 sending message 112 to peer 0x55cc012827c0 (13 bytes)
1788664305.645190 sending message 112 to peer 0x55cc012827c0 (13 bytes)
1788664305.645192 sending message 112 to peer 0x55cc012827c0 (13 bytes)
1788664305.645194 sending message 112 to peer 0x55cc012827c0 (13 bytes)
1788664305.645195 sending message 112 to peer 0x55cc012827c0 (13 bytes)
1788664305.645197 sending message 112 to peer 0x55cc012827c0 (12 bytes)
1788664305.645199 sending message 112 to peer 0x55cc012827c0 (12 bytes)
1788664305.645200 sending message 112 to peer 0x55cc012827c0 (13 bytes)
1788664305.645202 sending message 112 to peer 0x55cc012827c0 (12 bytes)
1788664305.645203 sending message 112 to peer 0x55cc012827c0 (13 bytes)
1788664305.645205 sending message 112 to peer 0x55cc012827c0 (8 bytes)
1788664305.645207 sending message 112 to peer 0x55cc012827c0 (13 bytes)
1788664305.645209 sending message 112 to peer 0x55cc012827c0 (13 bytes)
1788664305.645210 sending message 112 to peer 0x55cc012827c0 (13 bytes)
1788664305.645212 sending message 112 to peer 0x55cc012827c0 (13 bytes)
1788664305.645213 sending message 112 to peer 0x55cc012827c0 (13 bytes)
1788664305.645215 sending message 112 to peer 0x55cc012827c0 (13 bytes)
1788664305.645217 sending message 112 to peer 0x55cc012827c0 (13 bytes)
1788664305.645218 sending message 112 to peer 0x55cc012827c0 (12 bytes)
1788664305.645220 sending message 112 to peer 0x55cc012827c0 (12 bytes)
1788664305.645222 sending message 112 to peer 0x55cc012827c0 (13 bytes)
1788664305.645223 sending message 112 to peer 0x55cc012827c0 (8 bytes)
1788664305.645232 sending message 112 to peer 0x55cc012827c0 (12 bytes)
1788664305.645234 sending message 112 to peer 0x55cc012827c0 (13 bytes)
1788664305.645236 sending message 112 to peer 0x55cc012827c0 (13 bytes)
1788664305.645237 sending message 112 to peer 0x55cc012827c0 (13 bytes)
1788664305.645239 sending message 112 to peer 0x55cc012827c0 (13 bytes)
1788664305.645241 sending message 112 to peer 0x55cc012827c0 (13 bytes)
1788664305.645242 sending message 112 to peer 0x55cc012827c0 (13 bytes)
1788664305.645244 sending message 112 to peer 0x55cc012827c0 (13 bytes)
1788664305.645246 sending message 112 to peer 0x55cc012827c0 (13 bytes)
1788664305.645247 sending message 112 to peer 0x55cc012827c0 (12 bytes)
1788664305.645249 sending message 112 to peer 0x55cc012827c0 (10 bytes)
1788664305.645251 sending message 112 to peer 0x55cc012827c0 (12 bytes)
1788664305.645252 sending message 112 to peer 0x55cc012827c0 (13 bytes)
1788664305.645254 sending message 112 to peer 0x55cc012827c0 (12 bytes)
1788664305.645256 sending message 112 to peer 0x55cc012827c0 (13 bytes)
1788664305.645257 sending message 112 to peer 0x55cc012827c0 (13 bytes)
1788664305.645259 sending message 112 to peer 0x55cc012827c0 (13 bytes)
1788664305.645261 sending message 112 to peer 0x55cc012827c0 (13 bytes)
1788664305.645262 sending message 112 to peer 0x55cc012827c0 (13 bytes)
1788664305.645264 sending message 112 to peer 0x55cc012827c0 (13 bytes)
1788664305.645266 sending message 112 to peer 0x55cc012827c0 (13 bytes)
1788664305.645267 sending message 112 to peer 0x55cc012827c0 (10 bytes)
1788664305.645269 sending message 112 to peer 0x55cc012827c0 (13 bytes)
1788664305.645270 sending message 112 to peer 0x55cc012827c0 (12 bytes)
1788664305.645272 sending message 112 to peer 0x55cc012827c0 (12 bytes)
1788664305.645274 sending message 112 to peer 0x55cc012827c0 (13 bytes)
1788664305.645275 sending message 112 to peer 0x55cc012827c0 (10 bytes)
1788664305.645277 sending message 112 to peer 0x55cc012827c0 (10 bytes)
1788664305.645279 sending message 112 to peer 0x55cc012827c0 (10 bytes)
1788664305.645280 sending message 112 to peer 0x55cc012827c0 (12 bytes)
1788664305.645282 sending message 112 to peer 0x55cc012827c0 (13 bytes)
1788664305.645284 sending message 112 to peer 0x55cc012827c0 (13 bytes)
1788664305.645285 sending message 112 to peer 0x55cc012827c0 (13 bytes)
1788664305.645287 sending message 112 to peer 0x55cc012827c0 (13 bytes)
1788664305.645289 sending message 112 to peer 0x55cc012827c0 (13 bytes)
1788664305.645290 sending message 112 to peer 0x55cc012827c0 (10 bytes)
1788664305.645292 sending message 112 to peer 0x55cc012827c0 (11 bytes)
1788664305.645294 sending message 112 to peer 0x55cc012827c0 (12 bytes)
1788664305.645295 sending message 112 to peer 0x55cc012827c0 (12 bytes)
1788664305.645297 sending message 112 to peer 0x55cc012827c0 (12 bytes)
1788664305.645299 sending message 112 to peer 0x55cc012827c0 (12 bytes)
1788664305.645300 sending message 112 to peer 0x55cc012827c0 (12 bytes)
1788664305.645302 sending message 112 to peer 0x55cc012827c0 (11 bytes)
1788664305.645304 sending message 112 to peer 0x55cc012827c0 (12 bytes)
1788664305.645305 sending message 112 to peer 0x55cc012827c0 (12 bytes)
1788664305.645307 sending message 112 to peer 0x55cc012827c0 (13 bytes)
1788664305.645309 sending message 112 to peer 0x55cc012827c0 (13 bytes)
1788664305.645310 sending message 112 to peer 0x55cc012827c0 (13 bytes)
1788664305.645312 sending message 112 to peer 0x55cc012827c0 (13 bytes)
1788664305.645313 sending message 112 to peer 0x55cc012827c0 (13 bytes)
1788664305.645315 sending message 112 to peer 0x55cc012827c0 (10 bytes)
1788664305.645317 sending message 112 to peer 0x55cc012827c0 (9 bytes)
1788664305.645319 sending message 112 to peer 0x55cc012827c0 (12 bytes)
1788664305.645320 sending message 112 to peer 0x55cc012827c0 (13 bytes)
1788664305.645322 sending message 112 to peer 0x55cc012827c0 (13 bytes)
1788664305.645324 sending message 112 to peer 0x55cc012827c0 (13 bytes)
1788664305.645325 sending message 112 to peer 0x55cc012827c0 (13 bytes)
1788664305.645329 sending message 112 to peer 0x55cc012827c0 (13 bytes)
1788664305.645331 sending message 112 to peer 0x55cc012827c0 (9 bytes)
1788664305.645333 sending message 112 to peer 0x55cc012827c0 (12 bytes)
1788664305.645334 sending message 112 to peer 0x55cc012827c0 (13 bytes)
1788664305.645336 sending message 112 to peer 0x55cc012827c0 (13 bytes)
1788664305.645337 sending message 112 to peer 0x55cc012827c0 (13 bytes)
1788664305.645339 sending message 112 to peer 0x55cc012827c0 (13 bytes)
1788664305.645341 sending message 112 to peer 0x55cc012827c0 (13 bytes)
1788664305.645343 sending message 112 to peer 0x55cc012827c0 (11 bytes)
1788664305.645344 sending message 112 to peer 0x55cc012827c0 (12 bytes)
1788664305.645346 sending message 112 to peer 0x55cc012827c0 (13 bytes)
1788664305.645348 sending message 112 to peer 0x55cc012827c0 (13 bytes)
1788664305.645349 sending message 112 to peer 0x55cc012827c0 (13 bytes)
1788664305.645351 sending message 112 to peer 0x55cc012827c0 (13 bytes)
1788664305.645352 sending message 112 to peer 0x55cc012827c0 (13 bytes)
1788664305.645354 sending message 112 to peer 0x55cc012827c0 (11 bytes)
1788664305.645356 sending message 112 to peer 0x55cc012827c0 (12 bytes)
1788664305.645357 sending message 112 to peer 0x55cc012827c0 (12 bytes)
1788664305.645359 sending message 112 to peer 0x55cc012827c0 (12 bytes)
1788664305.645361 sending message 112 to peer 0x55cc012827c0 (12 bytes)
1788664305.645362 sending message 112 to peer 0x55cc012827c0 (12 bytes)
1788664305.645364 sending message 112 to peer 0x55cc012827c0 (22 bytes)
1788664305.645365 sending message 112 to peer 0x55cc012827c0 (12 bytes)
1788664305.645367 sending message 112 to peer 0x55cc012827c0 (9 bytes)
1788664305.645369 sending message 112 to peer 0x55cc012827c0 (6 bytes)
1788664305.645371 sending message 112 to peer 0x55cc012827c0 (13 bytes)
1788664305.645372 sending message 112 to peer 0x55cc012827c0 (10 bytes)
1788664305.645374 sending message 112 to peer 0x55cc012827c0 (15 bytes)
1788664305.645376 sending message 112 to peer 0x55cc012827c0 (11 bytes)
1788664305.645377 sending message 112 to peer 0x55cc012827c0 (9 bytes)
1788664305.645379 sending message 112 to peer 0x55cc012827c0 (70 bytes)
1788664305.645381 sending message 112 to peer 0x55cc012827c0 (69 bytes)
1788664305.645382 sending message 112 to peer 0x55cc012827c0 (34 bytes)
1788664305.645384 sending message 112 to peer 0x55cc012827c0 (34 bytes)
1788664305.645386 sending message 112 to peer 0x55cc012827c0 (69 bytes)
1788664305.645387 sending message 112 to peer 0x55cc012827c0 (12 bytes)
1788664305.645389 sending message 112 to peer 0x55cc012827c0 (10 bytes)
1788664305.645391 sending message 112 to peer 0x55cc012827c0 (10 bytes)
1788664305.645392 sending message 112 to peer 0x55cc012827c0 (15 bytes)
1788664305.645394 sending message 112 to peer 0x55cc012827c0 (11 bytes)
1788664305.645396 sending message 112 to peer 0x55cc012827c0 (10 bytes)
1788664305.645397 sending message 112 to peer 0x55cc012827c0 (10 bytes)
1788664305.645399 sending message 112 to peer 0x55cc012827c0 (17 bytes)
1788664305.645401 sending message 112 to peer 0x55cc012827c0 (10 bytes)
1788664305.645402 sending message 112 to peer 0x55cc012827c0 (13 bytes)
1788664305.645404 sending message 112 to peer 0x55cc012827c0 (17 bytes)
1788664305.645406 sending message 112 to peer 0x55cc012827c0 (5 bytes)
1788664305.645407 sending message 112 to peer 0x55cc012827c0 (9 bytes)
1788664305.645409 sending message 112 to peer 0x55cc012827c0 (15 bytes)
1788664305.645411 sending message 104 to peer 0x55cc012827c0 (0 bytes)
1788664305.645413 sending message 110 to peer 0x55cc012827c0 (0 bytes)
1788664305.645415 sending message 107 to peer 0x55cc012827c0 (4 bytes)
1788664305.645417 sending message 105 to peer 0x55cc012827c0 (29 bytes)
1788664305.645419 sending message 105 to peer 0x55cc012827c0 (20 bytes)
1788664305.645421 sending message 105 to peer 0x55cc012827c0 (29 bytes)
1788664305.645422 sending message 105 to peer 0x55cc012827c0 (16 bytes)
1788664305.645424 sending message 105 to peer 0x55cc012827c0 (19 bytes)
1788664305.645428 sending message 105 to peer 0x55cc012827c0 (215 bytes)
1788664305.645430 sending message 105 to peer 0x55cc012827c0 (39 bytes)
1788664305.645431 sending message 105 to peer 0x55cc012827c0 (20 bytes)
1788664305.645433 sending message 105 to peer 0x55cc012827c0 (20 bytes)
1788664305.645435 sending message 105 to peer 0x55cc012827c0 (21 bytes)
1788664305.645437 sending message 105 to peer 0x55cc012827c0 (32 bytes)
1788664305.645438 sending message 105 to peer 0x55cc012827c0 (16 bytes)
1788664305.645440 sending message 105 to peer 0x55cc012827c0 (28 bytes)
1788664305.645442 sending message 105 to peer 0x55cc012827c0 (33 bytes)
1788664305.645443 sending message 105 to peer 0x55cc012827c0 (31 bytes)
1788664305.645445 sending message 105 to peer 0x55cc012827c0 (25 bytes)
1788664305.645446 sending message 105 to peer 0x55cc012827c0 (20 bytes)
1788664305.645448 sending message 105 to peer 0x55cc012827c0 (26 bytes)
1788664305.645450 sending message 105 to peer 0x55cc012827c0 (25 bytes)
1788664305.645451 sending message 105 to peer 0x55cc012827c0 (25 bytes)
1788664305.645453 sending message 105 to peer 0x55cc012827c0 (30 bytes)
1788664305.645454 sending message 105 to peer 0x55cc012827c0 (36 bytes)
1788664305.645456 sending message 105 to peer 0x55cc012827c0 (24 bytes)
1788664305.645458 sending message 105 to peer 0x55cc012827c0 (10 bytes)
1788664305.645459 sending message 105 to peer 0x55cc012827c0 (16 bytes)
1788664305.645461 sending message 105 to peer 0x55cc012827c0 (51 bytes)
1788664305.645463 sending message 105 to peer 0x55cc012827c0 (56 bytes)
1788664305.645464 sending message 105 to peer 0x55cc012827c0 (46 bytes)
1788664305.645466 sending message 105 to peer 0x55cc012827c0 (30 bytes)
1788664305.645468 sending message 105 to peer 0x55cc012827c0 (20 bytes)
1788664305.645470 sending message 105 to peer 0x55cc012827c0 (30 bytes)
1788664305.645471 sending message 105 to peer 0x55cc012827c0 (46 bytes)
1788664305.645473 sending message 105 to peer 0x55cc012827c0 (17 bytes)
1788664305.645475 sending message 105 to peer 0x55cc012827c0 (42 bytes)
1788664305.645476 sending message 105 to peer 0x55cc012827c0 (15 bytes)
1788664305.645478 sending message 105 to peer 0x55cc012827c0 (47 bytes)
1788664305.645480 sending message 105 to peer 0x55cc012827c0 (64 bytes)
1788664305.645481 sending message 105 to peer 0x55cc012827c0 (20 bytes)
1788664305.645483 sending message 105 to peer 0x55cc012827c0 (39 bytes)
1788664305.645484 sending message 105 to peer 0x55cc012827c0 (17 bytes)
1788664305.645486 sending message 105 to peer 0x55cc012827c0 (24 bytes)
1788664305.645488 sending message 105 to peer 0x55cc012827c0 (24 bytes)
1788664305.645489 sending message 105 to peer 0x55cc012827c0 (18 bytes)
1788664305.645491 sending message 105 to peer 0x55cc012827c0 (25 bytes)
1788664305.645493 sending message 105 to peer 0x55cc012827c0 (17 bytes)
1788664305.645494 sending message 105 to peer 0x55cc012827c0 (19 bytes)
1788664305.645496 sending message 105 to peer 0x55cc012827c0 (20 bytes)
1788664305.645498 sending message 105 to peer 0x55cc012827c0 (52 bytes)
1788664305.645499 sending message 105 to peer 0x55cc012827c0 (36 bytes)
1788664305.645501 sending message 105 to peer 0x55cc012827c0 (17 bytes)
1788664305.645503 sending message 105 to peer 0x55cc012827c0 (23 bytes)
1788664305.645504 sending message 105 to peer 0x55cc012827c0 (31 bytes)
1788664305.645506 sending message 105 to peer 0x55cc012827c0 (38 bytes)
1788664305.645508 sending message 105 to peer 0x55cc012827c0 (36 bytes)
1788664305.645509 sending message 105 to peer 0x55cc012827c0 (71 bytes)
1788664305.645511 sending message 105 to peer 0x55cc012827c0 (24 bytes)
1788664305.645513 sending message 105 to peer 0x55cc012827c0 (75 bytes)
1788664305.645514 sending message 105 to peer 0x55cc012827c0 (11 bytes)
1788664305.645516 sending message 105 to peer 0x55cc012827c0 (11 bytes)
1788664305.645518 sending message 105 to peer 0x55cc012827c0 (54 bytes)
1788664305.645519 sending message 105 to peer 0x55cc012827c0 (79 bytes)
1788664305.645521 sending message 105 to peer 0x55cc012827c0 (30 bytes)
1788664305.645525 sending message 105 to peer 0x55cc012827c0 (29 bytes)
1788664305.645526 sending message 105 to peer 0x55cc012827c0 (17 bytes)
1788664305.645528 sending message 105 to peer 0x55cc012827c0 (106 bytes)
1788664305.645530 sending message 105 to peer 0x55cc012827c0 (8 bytes)
1788664305.645531 sending message 105 to peer 0x55cc012827c0 (60 bytes)
1788664305.645533 sending message 105 to peer 0x55cc012827c0 (61 bytes)
1788664305.645535 sending message 105 to peer 0x55cc012827c0 (23 bytes)
1788664305.645536 sending message 105 to peer 0x55cc012827c0 (35 bytes)
1788664305.645538 sending message 105 to peer 0x55cc012827c0 (52 bytes)
1788664305.645540 sending message 105 to peer 0x55cc012827c0 (21 bytes)
1788664305.645541 sending message 105 to peer 0x55cc012827c0 (34 bytes)
1788664305.645543 sending message 105 to peer 0x55cc012827c0 (26 bytes)
1788664305.645545 sending message 105 to peer 0x55cc012827c0 (63 bytes)
1788664305.645546 sending message 105 to peer 0x55cc012827c0 (17 bytes)
1788664305.645548 sending message 105 to peer 0x55cc012827c0 (15 bytes)
1788664305.645550 sending message 105 to peer 0x55cc012827c0 (27 bytes)
1788664305.645551 sending message 105 to peer 0x55cc012827c0 (13 bytes)
1788664305.645553 sending message 105 to peer 0x55cc012827c0 (36 bytes)
1788664305.645555 sending message 105 to peer 0x55cc012827c0 (19 bytes)
1788664305.645556 sending message 105 to peer 0x55cc012827c0 (22 bytes)
1788664305.645558 sending message 105 to peer 0x55cc012827c0 (34 bytes)
1788664305.645560 sending message 105 to peer 0x55cc012827c0 (50 bytes)
1788664305.645561 sending message 105 to peer 0x55cc012827c0 (32 bytes)
1788664305.645563 sending message 105 to peer 0x55cc012827c0 (58 bytes)
1788664305.645565 sending message 105 to peer 0x55cc012827c0 (91 bytes)
1788664305.645566 sending message 105 to peer 0x55cc012827c0 (19 bytes)
1788664305.645568 sending message 105 to peer 0x55cc012827c0 (31 bytes)
1788664305.645570 sending message 105 to peer 0x55cc012827c0 (31 bytes)
1788664305.645571 sending message 105 to peer 0x55cc012827c0 (19 bytes)
1788664305.645573 sending message 105 to peer 0x55cc012827c0 (23 bytes)
1788664305.645575 sending message 105 to peer 0x55cc012827c0 (38 bytes)
1788664305.645576 sending message 105 to peer 0x55cc012827c0 (78 bytes)
1788664305.645578 sending message 105 to peer 0x55cc012827c0 (25 bytes)
1788664305.645580 sending message 105 to peer 0x55cc012827c0 (54 bytes)
1788664305.645581 sending message 105 to peer 0x55cc012827c0 (43 bytes)
1788664305.645583 sending message 106 to peer 0x55cc012827c0 (0 bytes)
1788664305.645616 sending message 200 to peer 0x55cc012827c0 (4 bytes)
1788664305.645617 client loop enter
1788664305.645626 client_signal: Child exited
1788664305.745012 peer 0x55cc012827c0 message 207
1788664305.745019 sending message 208 to peer 0x55cc012827c0 (0 bytes)
1788664305.766218 peer 0x55cc012827c0 message 203
1788664305.766225 sending message 205 to peer 0x55cc012827c0 (0 bytes)
1788664305.766339 peer 0x55cc012827c0 message 204
1788664305.766343 client loop exit
